
> srm-connect-web@0.1.0 build
> next build

  ▲ Next.js 14.2.35

   Creating an optimized production build ...
<w> [webpack.cache.PackFileCacheStrategy] Skipped not serializable cache item 'Compilation/modules|/Users/swoyamsiddhipattanayak/Developer/srm-connect-web/node_modules/next/dist/build/webpack/loaders/css-loader/src/index.js??ruleSet[1].rules[14].oneOf[12].use[2]!/Users/swoyamsiddhipattanayak/Developer/srm-connect-web/node_modules/next/dist/build/webpack/loaders/postcss-loader/src/index.js??ruleSet[1].rules[14].oneOf[12].use[3]!/Users/swoyamsiddhipattanayak/Developer/srm-connect-web/app/globals.css': No serializer registered for PostCSSSyntaxError
<w> while serializing webpack/lib/cache/PackFileCacheStrategy.PackContentItems -> webpack/lib/NormalModule -> webpack/lib/ModuleBuildError -> PostCSSSyntaxError
Failed to compile.

./app/globals.css:3:1
Syntax error: /Users/swoyamsiddhipattanayak/Developer/srm-connect-web/app/globals.css The `border-border` class does not exist. If `border-border` is a custom class, make sure it is defined within a `@layer` directive.

  1 | @import "tw-animate-css";
  2 | @import "shadcn/tailwind.css";
> 3 | @tailwind base;
    | ^
  4 | @tailwind components;
  5 | @tailwind utilities;

./app/globals.css
Syntax error: /Users/swoyamsiddhipattanayak/Developer/srm-connect-web/app/globals.css The `border-border` class does not exist. If `border-border` is a custom class, make sure it is defined within a `@layer` directive. (3:1)

  1 | @import "tw-animate-css";
  2 | @import "shadcn/tailwind.css";
> 3 | @tailwind base;
    | ^
  4 | @tailwind components;
  5 | @tailwind utilities;

    at tryRunOrWebpackError (/Users/swoyamsiddhipattanayak/Developer/srm-connect-web/node_modules/next/dist/compiled/webpack/bundle5.js:28:312989)
    at __webpack_require_module__ (/Users/swoyamsiddhipattanayak/Developer/srm-connect-web/node_modules/next/dist/compiled/webpack/bundle5.js:28:131165)
    at __nested_webpack_require_153728__ (/Users/swoyamsiddhipattanayak/Developer/srm-connect-web/node_modules/next/dist/compiled/webpack/bundle5.js:28:130607)
    at /Users/swoyamsiddhipattanayak/Developer/srm-connect-web/node_modules/next/dist/compiled/webpack/bundle5.js:28:131454
    at symbolIterator (/Users/swoyamsiddhipattanayak/Developer/srm-connect-web/node_modules/next/dist/compiled/neo-async/async.js:1:14444)
    at done (/Users/swoyamsiddhipattanayak/Developer/srm-connect-web/node_modules/next/dist/compiled/neo-async/async.js:1:14824)
    at Hook.eval [as callAsync] (eval at create (/Users/swoyamsiddhipattanayak/Developer/srm-connect-web/node_modules/next/dist/compiled/webpack/bundle5.js:13:28858), <anonymous>:15:1)
    at Hook.CALL_ASYNC_DELEGATE [as _callAsync] (/Users/swoyamsiddhipattanayak/Developer/srm-connect-web/node_modules/next/dist/compiled/webpack/bundle5.js:13:26012)
    at /Users/swoyamsiddhipattanayak/Developer/srm-connect-web/node_modules/next/dist/compiled/webpack/bundle5.js:28:130328
    at symbolIterator (/Users/swoyamsiddhipattanayak/Developer/srm-connect-web/node_modules/next/dist/compiled/neo-async/async.js:1:14402)
-- inner error --
Syntax error: /Users/swoyamsiddhipattanayak/Developer/srm-connect-web/app/globals.css The `border-border` class does not exist. If `border-border` is a custom class, make sure it is defined within a `@layer` directive. (3:1)

  1 | @import "tw-animate-css";
  2 | @import "shadcn/tailwind.css";
> 3 | @tailwind base;
    | ^
  4 | @tailwind components;
  5 | @tailwind utilities;

    at Object.<anonymous> (/Users/swoyamsiddhipattanayak/Developer/srm-connect-web/node_modules/next/dist/build/webpack/loaders/css-loader/src/index.js??ruleSet[1].rules[14].oneOf[12].use[2]!/Users/swoyamsiddhipattanayak/Developer/srm-connect-web/node_modules/next/dist/build/webpack/loaders/postcss-loader/src/index.js??ruleSet[1].rules[14].oneOf[12].use[3]!/Users/swoyamsiddhipattanayak/Developer/srm-connect-web/app/globals.css:1:7)
    at /Users/swoyamsiddhipattanayak/Developer/srm-connect-web/node_modules/next/dist/compiled/webpack/bundle5.js:28:922493
    at Hook.eval [as call] (eval at create (/Users/swoyamsiddhipattanayak/Developer/srm-connect-web/node_modules/next/dist/compiled/webpack/bundle5.js:13:28636), <anonymous>:7:1)
    at Hook.CALL_DELEGATE [as _call] (/Users/swoyamsiddhipattanayak/Developer/srm-connect-web/node_modules/next/dist/compiled/webpack/bundle5.js:13:25906)
    at /Users/swoyamsiddhipattanayak/Developer/srm-connect-web/node_modules/next/dist/compiled/webpack/bundle5.js:28:131198
    at tryRunOrWebpackError (/Users/swoyamsiddhipattanayak/Developer/srm-connect-web/node_modules/next/dist/compiled/webpack/bundle5.js:28:312943)
    at __webpack_require_module__ (/Users/swoyamsiddhipattanayak/Developer/srm-connect-web/node_modules/next/dist/compiled/webpack/bundle5.js:28:131165)
    at __nested_webpack_require_153728__ (/Users/swoyamsiddhipattanayak/Developer/srm-connect-web/node_modules/next/dist/compiled/webpack/bundle5.js:28:130607)
    at /Users/swoyamsiddhipattanayak/Developer/srm-connect-web/node_modules/next/dist/compiled/webpack/bundle5.js:28:131454
    at symbolIterator (/Users/swoyamsiddhipattanayak/Developer/srm-connect-web/node_modules/next/dist/compiled/neo-async/async.js:1:14444)

Generated code for /Users/swoyamsiddhipattanayak/Developer/srm-connect-web/node_modules/next/dist/build/webpack/loaders/css-loader/src/index.js??ruleSet[1].rules[14].oneOf[12].use[2]!/Users/swoyamsiddhipattanayak/Developer/srm-connect-web/node_modules/next/dist/build/webpack/loaders/postcss-loader/src/index.js??ruleSet[1].rules[14].oneOf[12].use[3]!/Users/swoyamsiddhipattanayak/Developer/srm-connect-web/app/globals.css

Import trace for requested module:
./app/globals.css


> Build failed because of webpack errors
